F.FFFFFFFFFFFF.                                                          [100%]
=================================== FAILURES ===================================
________ test_same_second_runs_get_distinct_ids_and_keep_their_own_data ________

tmp_path = PosixPath('/tmp/pytest-of-root/pytest-0/test_same_second_runs_get_dist0')

    def test_same_second_runs_get_distinct_ids_and_keep_their_own_data(tmp_path):
        db = tmp_path / "m.db"
        a = write_csv(tmp_path / "a.csv", {"alpha_cafe": 100, "beta_studio": 200})
        b = write_csv(tmp_path / "b.csv", {"alpha_cafe": 111, "gamma_lab": 300})
    
        id_a = collect(db, a)
        id_b = collect(db, b)
    
>       assert id_a != id_b, "같은 초에 시작한 두 실행이 같은 run_id를 받았습니다"
E       AssertionError: 같은 초에 시작한 두 실행이 같은 run_id를 받았습니다
E       assert '20260921T090000' != '20260921T090000'

/tests/test_outputs.py:115: AssertionError
______________ test_concurrent_processes_never_collide_or_mix[0] _______________

tmp_path = PosixPath('/tmp/pytest-of-root/pytest-0/test_concurrent_processes_neve0')
round_no = 0

    @pytest.mark.parametrize("round_no", range(5))
    def test_concurrent_processes_never_collide_or_mix(tmp_path, round_no):
        db = tmp_path / "m.db"
        collect(db, write_csv(tmp_path / "seed.csv", {"seed": 0}))  # DB·스키마를 먼저 준비
    
        n = 12
        csvs = [
            write_csv(tmp_path / f"p{i}.csv", {f"acct_{i}_{k}": i * 100 + k for k in range(5)})
            for i in range(n)
        ]
        env = dict(os.environ, METRICSD_DB=str(db), METRICSD_FAKE_NOW=SAME_SECOND)
        procs = [
            subprocess.Popen(
                [sys.executable, "-m", "metricsd", "collect", "--input", str(c)],
                cwd=APP_DIR, env=env, stdout=subprocess.PIPE, stderr=subprocess.PIPE, text=True,
            )
            for c in csvs
        ]
        results = []
        for p in procs:
            out, err = p.communicate(timeout=120)
            assert p.returncode == 0, f"동시 collect 중 하나가 실패했습니다: {err}"
            results.append(out.strip())
    
>       assert len(set(results)) == n, f"동시 실행에서 run_id가 겹쳤습니다: {results}"
E       AssertionError: 동시 실행에서 run_id가 겹쳤습니다: ['20260921T090000', '20260921T090000', '20260921T090000', '20260921T090000', '20260921T090000', '20260921T090000', '20260921T090000', '20260921T090000', '20260921T090000', '20260921T090000', '20260921T090000', '20260921T090000']
E       assert 1 == 12
E        +  where 1 = len({'20260921T090000'})
E        +    where {'20260921T090000'} = set(['20260921T090000', '20260921T090000', '20260921T090000', '20260921T090000', '20260921T090000', '20260921T090000', ...])

/tests/test_outputs.py:155: AssertionError
______________ test_concurrent_processes_never_collide_or_mix[1] _______________

tmp_path = PosixPath('/tmp/pytest-of-root/pytest-0/test_concurrent_processes_neve1')
round_no = 1

    @pytest.mark.parametrize("round_no", range(5))
    def test_concurrent_processes_never_collide_or_mix(tmp_path, round_no):
        db = tmp_path / "m.db"
        collect(db, write_csv(tmp_path / "seed.csv", {"seed": 0}))  # DB·스키마를 먼저 준비
    
        n = 12
        csvs = [
            write_csv(tmp_path / f"p{i}.csv", {f"acct_{i}_{k}": i * 100 + k for k in range(5)})
            for i in range(n)
        ]
        env = dict(os.environ, METRICSD_DB=str(db), METRICSD_FAKE_NOW=SAME_SECOND)
        procs = [
            subprocess.Popen(
                [sys.executable, "-m", "metricsd", "collect", "--input", str(c)],
                cwd=APP_DIR, env=env, stdout=subprocess.PIPE, stderr=subprocess.PIPE, text=True,
            )
            for c in csvs
        ]
        results = []
        for p in procs:
            out, err = p.communicate(timeout=120)
            assert p.returncode == 0, f"동시 collect 중 하나가 실패했습니다: {err}"
            results.append(out.strip())
    
>       assert len(set(results)) == n, f"동시 실행에서 run_id가 겹쳤습니다: {results}"
E       AssertionError: 동시 실행에서 run_id가 겹쳤습니다: ['20260921T090000', '20260921T090000', '20260921T090000', '20260921T090000', '20260921T090000', '20260921T090000', '20260921T090000', '20260921T090000', '20260921T090000', '20260921T090000', '20260921T090000', '20260921T090000']
E       assert 1 == 12
E        +  where 1 = len({'20260921T090000'})
E        +    where {'20260921T090000'} = set(['20260921T090000', '20260921T090000', '20260921T090000', '20260921T090000', '20260921T090000', '20260921T090000', ...])

/tests/test_outputs.py:155: AssertionError
______________ test_concurrent_processes_never_collide_or_mix[2] _______________

tmp_path = PosixPath('/tmp/pytest-of-root/pytest-0/test_concurrent_processes_neve2')
round_no = 2

    @pytest.mark.parametrize("round_no", range(5))
    def test_concurrent_processes_never_collide_or_mix(tmp_path, round_no):
        db = tmp_path / "m.db"
        collect(db, write_csv(tmp_path / "seed.csv", {"seed": 0}))  # DB·스키마를 먼저 준비
    
        n = 12
        csvs = [
            write_csv(tmp_path / f"p{i}.csv", {f"acct_{i}_{k}": i * 100 + k for k in range(5)})
            for i in range(n)
        ]
        env = dict(os.environ, METRICSD_DB=str(db), METRICSD_FAKE_NOW=SAME_SECOND)
        procs = [
            subprocess.Popen(
                [sys.executable, "-m", "metricsd", "collect", "--input", str(c)],
                cwd=APP_DIR, env=env, stdout=subprocess.PIPE, stderr=subprocess.PIPE, text=True,
            )
            for c in csvs
        ]
        results = []
        for p in procs:
            out, err = p.communicate(timeout=120)
            assert p.returncode == 0, f"동시 collect 중 하나가 실패했습니다: {err}"
            results.append(out.strip())
    
>       assert len(set(results)) == n, f"동시 실행에서 run_id가 겹쳤습니다: {results}"
E       AssertionError: 동시 실행에서 run_id가 겹쳤습니다: ['20260921T090000', '20260921T090000', '20260921T090000', '20260921T090000', '20260921T090000', '20260921T090000', '20260921T090000', '20260921T090000', '20260921T090000', '20260921T090000', '20260921T090000', '20260921T090000']
E       assert 1 == 12
E        +  where 1 = len({'20260921T090000'})
E        +    where {'20260921T090000'} = set(['20260921T090000', '20260921T090000', '20260921T090000', '20260921T090000', '20260921T090000', '20260921T090000', ...])

/tests/test_outputs.py:155: AssertionError
______________ test_concurrent_processes_never_collide_or_mix[3] _______________

tmp_path = PosixPath('/tmp/pytest-of-root/pytest-0/test_concurrent_processes_neve3')
round_no = 3

    @pytest.mark.parametrize("round_no", range(5))
    def test_concurrent_processes_never_collide_or_mix(tmp_path, round_no):
        db = tmp_path / "m.db"
        collect(db, write_csv(tmp_path / "seed.csv", {"seed": 0}))  # DB·스키마를 먼저 준비
    
        n = 12
        csvs = [
            write_csv(tmp_path / f"p{i}.csv", {f"acct_{i}_{k}": i * 100 + k for k in range(5)})
            for i in range(n)
        ]
        env = dict(os.environ, METRICSD_DB=str(db), METRICSD_FAKE_NOW=SAME_SECOND)
        procs = [
            subprocess.Popen(
                [sys.executable, "-m", "metricsd", "collect", "--input", str(c)],
                cwd=APP_DIR, env=env, stdout=subprocess.PIPE, stderr=subprocess.PIPE, text=True,
            )
            for c in csvs
        ]
        results = []
        for p in procs:
            out, err = p.communicate(timeout=120)
            assert p.returncode == 0, f"동시 collect 중 하나가 실패했습니다: {err}"
            results.append(out.strip())
    
>       assert len(set(results)) == n, f"동시 실행에서 run_id가 겹쳤습니다: {results}"
E       AssertionError: 동시 실행에서 run_id가 겹쳤습니다: ['20260921T090000', '20260921T090000', '20260921T090000', '20260921T090000', '20260921T090000', '20260921T090000', '20260921T090000', '20260921T090000', '20260921T090000', '20260921T090000', '20260921T090000', '20260921T090000']
E       assert 1 == 12
E        +  where 1 = len({'20260921T090000'})
E        +    where {'20260921T090000'} = set(['20260921T090000', '20260921T090000', '20260921T090000', '20260921T090000', '20260921T090000', '20260921T090000', ...])

/tests/test_outputs.py:155: AssertionError
______________ test_concurrent_processes_never_collide_or_mix[4] _______________

tmp_path = PosixPath('/tmp/pytest-of-root/pytest-0/test_concurrent_processes_neve4')
round_no = 4

    @pytest.mark.parametrize("round_no", range(5))
    def test_concurrent_processes_never_collide_or_mix(tmp_path, round_no):
        db = tmp_path / "m.db"
        collect(db, write_csv(tmp_path / "seed.csv", {"seed": 0}))  # DB·스키마를 먼저 준비
    
        n = 12
        csvs = [
            write_csv(tmp_path / f"p{i}.csv", {f"acct_{i}_{k}": i * 100 + k for k in range(5)})
            for i in range(n)
        ]
        env = dict(os.environ, METRICSD_DB=str(db), METRICSD_FAKE_NOW=SAME_SECOND)
        procs = [
            subprocess.Popen(
                [sys.executable, "-m", "metricsd", "collect", "--input", str(c)],
                cwd=APP_DIR, env=env, stdout=subprocess.PIPE, stderr=subprocess.PIPE, text=True,
            )
            for c in csvs
        ]
        results = []
        for p in procs:
            out, err = p.communicate(timeout=120)
            assert p.returncode == 0, f"동시 collect 중 하나가 실패했습니다: {err}"
            results.append(out.strip())
    
>       assert len(set(results)) == n, f"동시 실행에서 run_id가 겹쳤습니다: {results}"
E       AssertionError: 동시 실행에서 run_id가 겹쳤습니다: ['20260921T090000', '20260921T090000', '20260921T090000', '20260921T090000', '20260921T090000', '20260921T090000', '20260921T090000', '20260921T090000', '20260921T090000', '20260921T090000', '20260921T090000', '20260921T090000']
E       assert 1 == 12
E        +  where 1 = len({'20260921T090000'})
E        +    where {'20260921T090000'} = set(['20260921T090000', '20260921T090000', '20260921T090000', '20260921T090000', '20260921T090000', '20260921T090000', ...])

/tests/test_outputs.py:155: AssertionError
__________ test_diff_uses_recording_order_when_clock_is_identical[0] ___________

tmp_path = PosixPath('/tmp/pytest-of-root/pytest-0/test_diff_uses_recording_order0')
round_no = 0

    @pytest.mark.parametrize("round_no", range(4))
    def test_diff_uses_recording_order_when_clock_is_identical(tmp_path, round_no):
        db = tmp_path / "m.db"
        ids = []
        for i in range(3):
            ids.append(collect(db, write_csv(tmp_path / f"r{i}.csv", {"alpha_cafe": 1000 + i})))
    
>       assert [r["run_id"] for r in runs(db)] == ids, "runs 출력이 기록 순서가 아닙니다"
E       AssertionError: runs 출력이 기록 순서가 아닙니다
E       assert ['20260921T090000'] == ['20260921T09...60921T090000']
E         
E         Right contains 2 more items, first extra item: '20260921T090000'
E         Use -v to get more diff

/tests/test_outputs.py:172: AssertionError
__________ test_diff_uses_recording_order_when_clock_is_identical[1] ___________

tmp_path = PosixPath('/tmp/pytest-of-root/pytest-0/test_diff_uses_recording_order1')
round_no = 1

    @pytest.mark.parametrize("round_no", range(4))
    def test_diff_uses_recording_order_when_clock_is_identical(tmp_path, round_no):
        db = tmp_path / "m.db"
        ids = []
        for i in range(3):
            ids.append(collect(db, write_csv(tmp_path / f"r{i}.csv", {"alpha_cafe": 1000 + i})))
    
>       assert [r["run_id"] for r in runs(db)] == ids, "runs 출력이 기록 순서가 아닙니다"
E       AssertionError: runs 출력이 기록 순서가 아닙니다
E       assert ['20260921T090000'] == ['20260921T09...60921T090000']
E         
E         Right contains 2 more items, first extra item: '20260921T090000'
E         Use -v to get more diff

/tests/test_outputs.py:172: AssertionError
__________ test_diff_uses_recording_order_when_clock_is_identical[2] ___________

tmp_path = PosixPath('/tmp/pytest-of-root/pytest-0/test_diff_uses_recording_order2')
round_no = 2

    @pytest.mark.parametrize("round_no", range(4))
    def test_diff_uses_recording_order_when_clock_is_identical(tmp_path, round_no):
        db = tmp_path / "m.db"
        ids = []
        for i in range(3):
            ids.append(collect(db, write_csv(tmp_path / f"r{i}.csv", {"alpha_cafe": 1000 + i})))
    
>       assert [r["run_id"] for r in runs(db)] == ids, "runs 출력이 기록 순서가 아닙니다"
E       AssertionError: runs 출력이 기록 순서가 아닙니다
E       assert ['20260921T090000'] == ['20260921T09...60921T090000']
E         
E         Right contains 2 more items, first extra item: '20260921T090000'
E         Use -v to get more diff

/tests/test_outputs.py:172: AssertionError
__________ test_diff_uses_recording_order_when_clock_is_identical[3] ___________

tmp_path = PosixPath('/tmp/pytest-of-root/pytest-0/test_diff_uses_recording_order3')
round_no = 3

    @pytest.mark.parametrize("round_no", range(4))
    def test_diff_uses_recording_order_when_clock_is_identical(tmp_path, round_no):
        db = tmp_path / "m.db"
        ids = []
        for i in range(3):
            ids.append(collect(db, write_csv(tmp_path / f"r{i}.csv", {"alpha_cafe": 1000 + i})))
    
>       assert [r["run_id"] for r in runs(db)] == ids, "runs 출력이 기록 순서가 아닙니다"
E       AssertionError: runs 출력이 기록 순서가 아닙니다
E       assert ['20260921T090000'] == ['20260921T09...60921T090000']
E         
E         Right contains 2 more items, first extra item: '20260921T090000'
E         Use -v to get more diff

/tests/test_outputs.py:172: AssertionError
_________ test_clock_going_backwards_does_not_change_what_latest_means _________

tmp_path = PosixPath('/tmp/pytest-of-root/pytest-0/test_clock_going_backwards_doe0')

    def test_clock_going_backwards_does_not_change_what_latest_means(tmp_path):
        db = tmp_path / "m.db"
        first = collect(db, write_csv(tmp_path / "a.csv", {"alpha_cafe": 10}), fake_now="2026-09-21T09:00:05+00:00")
        later = collect(db, write_csv(tmp_path / "b.csv", {"alpha_cafe": 20}), fake_now="2026-09-21T09:00:01+00:00")
    
>       assert [r["run_id"] for r in runs(db)] == [first, later]
E       AssertionError: assert ['20260921T09...60921T090005'] == ['20260921T09...60921T090001']
E         
E         At index 0 diff: '20260921T090001' != '20260921T090005'
E         Use -v to get more diff

/tests/test_outputs.py:183: AssertionError
____________ test_legacy_db_is_preserved_and_new_runs_come_after_it ____________

tmp_path = PosixPath('/tmp/pytest-of-root/pytest-0/test_legacy_db_is_preserved_an0')

    def test_legacy_db_is_preserved_and_new_runs_come_after_it(tmp_path):
        db = tmp_path / "legacy.db"
        make_legacy_db(db)
    
        # 시계가 기존 마지막 실행(09:00:05)보다 '앞선' 시각이어도 새 실행은 뒤에 와야 한다
        new_id = collect(db, write_csv(tmp_path / "n.csv", {"alpha_cafe": 1600, "beta_studio": 880}))
    
        after = runs(db)
>       assert [r["run_id"] for r in after] == LEGACY_ORDER + [new_id], "기존 실행 순서(run_id 순) 또는 새 실행 위치가 틀렸습니다"
E       AssertionError: 기존 실행 순서(run_id 순) 또는 새 실행 위치가 틀렸습니다
E       assert ['20260907T09...60921T090005'] == ['20260907T09...60921T090000']
E         
E         At index 2 diff: '20260921T090000' != '20260921T090005'
E         Use -v to get more diff

/tests/test_outputs.py:200: AssertionError
________________ test_legacy_db_survives_concurrent_first_open _________________

tmp_path = PosixPath('/tmp/pytest-of-root/pytest-0/test_legacy_db_survives_concur0')

    def test_legacy_db_survives_concurrent_first_open(tmp_path):
        """구 스키마 DB를 여러 프로세스가 동시에 처음 열어도(마이그레이션 경합) 데이터가 보존된다."""
        db = tmp_path / "legacy.db"
        make_legacy_db(db)
        env = dict(os.environ, METRICSD_DB=str(db), METRICSD_FAKE_NOW=SAME_SECOND)
        csvs = [write_csv(tmp_path / f"c{i}.csv", {f"x{i}": i}) for i in range(8)]
        procs = [
            subprocess.Popen(
                [sys.executable, "-m", "metricsd", "collect", "--input", str(c)],
                cwd=APP_DIR, env=env, stdout=subprocess.PIPE, stderr=subprocess.PIPE, text=True,
            )
            for c in csvs
        ]
        ids = []
        for p in procs:
            out, err = p.communicate(timeout=120)
            assert p.returncode == 0, f"동시 첫 접근에서 collect가 실패했습니다: {err}"
            ids.append(out.strip())
    
        listed = [r["run_id"] for r in runs(db)]
>       assert listed[:3] == LEGACY_ORDER, "기존 실행이 사라졌거나 순서가 바뀌었습니다"
E       AssertionError: 기존 실행이 사라졌거나 순서가 바뀌었습니다
E       assert ['20260907T09...60921T090000'] == ['20260907T09...60921T090005']
E         
E         At index 2 diff: '20260921T090000' != '20260921T090005'
E         Use -v to get more diff

/tests/test_outputs.py:235: AssertionError
=========================== short test summary info ============================
FAILED ../tests/test_outputs.py::test_same_second_runs_get_distinct_ids_and_keep_their_own_data
FAILED ../tests/test_outputs.py::test_concurrent_processes_never_collide_or_mix[0]
FAILED ../tests/test_outputs.py::test_concurrent_processes_never_collide_or_mix[1]
FAILED ../tests/test_outputs.py::test_concurrent_processes_never_collide_or_mix[2]
FAILED ../tests/test_outputs.py::test_concurrent_processes_never_collide_or_mix[3]
FAILED ../tests/test_outputs.py::test_concurrent_processes_never_collide_or_mix[4]
FAILED ../tests/test_outputs.py::test_diff_uses_recording_order_when_clock_is_identical[0]
FAILED ../tests/test_outputs.py::test_diff_uses_recording_order_when_clock_is_identical[1]
FAILED ../tests/test_outputs.py::test_diff_uses_recording_order_when_clock_is_identical[2]
FAILED ../tests/test_outputs.py::test_diff_uses_recording_order_when_clock_is_identical[3]
FAILED ../tests/test_outputs.py::test_clock_going_backwards_does_not_change_what_latest_means
FAILED ../tests/test_outputs.py::test_legacy_db_is_preserved_and_new_runs_come_after_it
FAILED ../tests/test_outputs.py::test_legacy_db_survives_concurrent_first_open
13 failed, 2 passed in 5.06s
0
